0 verbose cli C:\nvm4w\nodejs\node.exe C:\nvm4w\nodejs\node_modules\npm\bin\npm-cli.js
1 info using npm@10.8.2
2 info using node@v20.19.1
3 silly config load:file:C:\nvm\v20.19.1\node_modules\npm\npmrc
4 silly config load:file:D:\projects\security\algojs_repo_fresh\.npmrc
5 silly config load:file:C:\Users\Nirmalya Roy\.npmrc
6 silly config load:file:C:\nvm4w\nodejs\etc\npmrc
7 verbose title npm pack
8 verbose argv "pack" "--dry-run" "--cache" ".npm-cache"
9 verbose logfile logs-max:10 dir:D:\projects\security\algojs_repo_fresh\.npm-cache\_logs\2026-05-25T13_40_52_658Z-
10 verbose logfile D:\projects\security\algojs_repo_fresh\.npm-cache\_logs\2026-05-25T13_40_52_658Z-debug-0.log
11 silly logfile done cleaning log files
12 http fetch GET https://registry.npmjs.org/npm attempt 1 failed with ECONNREFUSED
13 silly packumentCache heap:4345298944 maxSize:1086324736 maxEntrySize:543162368
14 verbose stack Error: EPERM: operation not permitted, unlink 'D:\projects\security\algojs_repo_fresh\.npm-cache\_cacache\tmp\78509ba6'
15 error code EPERM
16 error syscall unlink
17 error path D:\projects\security\algojs_repo_fresh\.npm-cache\_cacache\tmp\78509ba6
18 error errno -4048
19 error [Error: EPERM: operation not permitted, unlink 'D:\projects\security\algojs_repo_fresh\.npm-cache\_cacache\tmp\78509ba6'] {
19 error   errno: -4048,
19 error   code: 'EPERM',
19 error   syscall: 'unlink',
19 error   path: 'D:\\projects\\security\\algojs_repo_fresh\\.npm-cache\\_cacache\\tmp\\78509ba6'
19 error }
20 error
20 error The operation was rejected by your operating system.
20 error It's possible that the file was already in use (by a text editor or antivirus),
20 error or that you lack permissions to access it.
20 error
20 error If you believe this might be a permissions issue, please double-check the
20 error permissions of the file and its containing directories, or try running
20 error the command again as root/Administrator.
21 verbose cwd D:\projects\security\algojs_repo_fresh
22 verbose os Windows_NT 10.0.26200
23 verbose node v20.19.1
24 verbose npm  v10.8.2
25 verbose exit -4048
26 verbose code -4048
27 error A complete log of this run can be found in: D:\projects\security\algojs_repo_fresh\.npm-cache\_logs\2026-05-25T13_40_52_658Z-debug-0.log
